============================= test session starts =============================
platform win32 -- Python 3.10.11, pytest-8.4.2, pluggy-1.6.0 -- C:\Users\sonja\AppData\Local\Programs\Python\Python310\python.exe
cachedir: .pytest_cache
rootdir: \\wsl.localhost\Ubuntu20.04LTS\root\Projekte\ai-orchestra-gateway
configfile: pyproject.toml
plugins: anyio-4.10.0, inline-snapshot-0.28.0, asyncio-0.23.8, cov-7.0.0, httpx-0.35.0, mock-3.15.1
asyncio: mode=auto
collecting ... collected 1 item

app/tests/test_generate.py::TestGenerateEndpoint::test_successful_generation FAILED [100%]
INTERNALERROR> Traceback (most recent call last):
INTERNALERROR>   File "C:\Users\sonja\AppData\Local\Programs\Python\Python310\lib\site-packages\coverage\sqlitedb.py", line 122, in _execute
INTERNALERROR>     return self.con.execute(sql, parameters)  # type: ignore[arg-type]
INTERNALERROR> sqlite3.OperationalError: database is locked
INTERNALERROR> 
INTERNALERROR> During handling of the above exception, another exception occurred:
INTERNALERROR> 
INTERNALERROR> Traceback (most recent call last):
INTERNALERROR>   File "C:\Users\sonja\AppData\Local\Programs\Python\Python310\lib\site-packages\coverage\sqlitedb.py", line 127, in _execute
INTERNALERROR>     return self.con.execute(sql, parameters)  # type: ignore[arg-type]
INTERNALERROR> sqlite3.OperationalError: database is locked
INTERNALERROR> 
INTERNALERROR> The above exception was the direct cause of the following exception:
INTERNALERROR> 
INTERNALERROR> Traceback (most recent call last):
INTERNALERROR>   File "C:\Users\sonja\AppData\Local\Programs\Python\Python310\lib\site-packages\_pytest\main.py", line 289, in wrap_session
INTERNALERROR>     session.exitstatus = doit(config, session) or 0
INTERNALERROR>   File "C:\Users\sonja\AppData\Local\Programs\Python\Python310\lib\site-packages\_pytest\main.py", line 343, in _main
INTERNALERROR>     config.hook.pytest_runtestloop(session=session)
INTERNALERROR>   File "C:\Users\sonja\AppData\Local\Programs\Python\Python310\lib\site-packages\pluggy\_hooks.py", line 512, in __call__
INTERNALERROR>     return self._hookexec(self.name, self._hookimpls.copy(), kwargs, firstresult)
INTERNALERROR>   File "C:\Users\sonja\AppData\Local\Programs\Python\Python310\lib\site-packages\pluggy\_manager.py", line 120, in _hookexec
INTERNALERROR>     return self._inner_hookexec(hook_name, methods, kwargs, firstresult)
INTERNALERROR>   File "C:\Users\sonja\AppData\Local\Programs\Python\Python310\lib\site-packages\pluggy\_callers.py", line 167, in _multicall
INTERNALERROR>     raise exception
INTERNALERROR>   File "C:\Users\sonja\AppData\Local\Programs\Python\Python310\lib\site-packages\pluggy\_callers.py", line 139, in _multicall
INTERNALERROR>     teardown.throw(exception)
INTERNALERROR>   File "C:\Users\sonja\AppData\Local\Programs\Python\Python310\lib\site-packages\_pytest\logging.py", line 801, in pytest_runtestloop
INTERNALERROR>     return (yield)  # Run all the tests.
INTERNALERROR>   File "C:\Users\sonja\AppData\Local\Programs\Python\Python310\lib\site-packages\pluggy\_callers.py", line 139, in _multicall
INTERNALERROR>     teardown.throw(exception)
INTERNALERROR>   File "C:\Users\sonja\AppData\Local\Programs\Python\Python310\lib\site-packages\_pytest\terminal.py", line 688, in pytest_runtestloop
INTERNALERROR>     result = yield
INTERNALERROR>   File "C:\Users\sonja\AppData\Local\Programs\Python\Python310\lib\site-packages\pluggy\_callers.py", line 152, in _multicall
INTERNALERROR>     teardown.send(result)
INTERNALERROR>   File "C:\Users\sonja\AppData\Local\Programs\Python\Python310\lib\site-packages\pytest_cov\plugin.py", line 349, in pytest_runtestloop
INTERNALERROR>     self.cov_controller.finish()
INTERNALERROR>   File "C:\Users\sonja\AppData\Local\Programs\Python\Python310\lib\site-packages\pytest_cov\engine.py", line 55, in ensure_topdir_wrapper
INTERNALERROR>     return meth(self, *args, **kwargs)
INTERNALERROR>   File "C:\Users\sonja\AppData\Local\Programs\Python\Python310\lib\site-packages\pytest_cov\engine.py", line 294, in finish
INTERNALERROR>     self.cov.save()
INTERNALERROR>   File "C:\Users\sonja\AppData\Local\Programs\Python\Python310\lib\site-packages\coverage\control.py", line 842, in save
INTERNALERROR>     data = self.get_data()
INTERNALERROR>   File "C:\Users\sonja\AppData\Local\Programs\Python\Python310\lib\site-packages\coverage\control.py", line 922, in get_data
INTERNALERROR>     if self._collector.flush_data():
INTERNALERROR>   File "C:\Users\sonja\AppData\Local\Programs\Python\Python310\lib\site-packages\coverage\collector.py", line 493, in flush_data
INTERNALERROR>     self.covdata.add_lines(self.mapped_file_dict(line_data))
INTERNALERROR>   File "C:\Users\sonja\AppData\Local\Programs\Python\Python310\lib\site-packages\coverage\sqldata.py", line 123, in _wrapped
INTERNALERROR>     return method(self, *args, **kwargs)
INTERNALERROR>   File "C:\Users\sonja\AppData\Local\Programs\Python\Python310\lib\site-packages\coverage\sqldata.py", line 526, in add_lines
INTERNALERROR>     self._choose_lines_or_arcs(lines=True)
INTERNALERROR>   File "C:\Users\sonja\AppData\Local\Programs\Python\Python310\lib\site-packages\coverage\sqldata.py", line 603, in _choose_lines_or_arcs
INTERNALERROR>     with self._connect() as con:
INTERNALERROR>   File "C:\Users\sonja\AppData\Local\Programs\Python\Python310\lib\site-packages\coverage\sqldata.py", line 373, in _connect
INTERNALERROR>     self._open_db()
INTERNALERROR>   File "C:\Users\sonja\AppData\Local\Programs\Python\Python310\lib\site-packages\coverage\sqldata.py", line 312, in _open_db
INTERNALERROR>     self._read_db()
INTERNALERROR>   File "C:\Users\sonja\AppData\Local\Programs\Python\Python310\lib\site-packages\coverage\sqldata.py", line 316, in _read_db
INTERNALERROR>     with self._dbs[threading.get_ident()] as db:
INTERNALERROR>   File "C:\Users\sonja\AppData\Local\Programs\Python\Python310\lib\site-packages\coverage\sqlitedb.py", line 96, in __enter__
INTERNALERROR>     self._connect()
INTERNALERROR>   File "C:\Users\sonja\AppData\Local\Programs\Python\Python310\lib\site-packages\coverage\sqlitedb.py", line 78, in _connect
INTERNALERROR>     self.execute_void("pragma journal_mode=off")
INTERNALERROR>   File "C:\Users\sonja\AppData\Local\Programs\Python\Python310\lib\site-packages\coverage\sqlitedb.py", line 171, in execute_void
INTERNALERROR>     self._execute(sql, parameters).close()
INTERNALERROR>   File "C:\Users\sonja\AppData\Local\Programs\Python\Python310\lib\site-packages\coverage\sqlitedb.py", line 145, in _execute
INTERNALERROR>     raise DataError(f"Couldn't use data file {self.filename!r}: {msg}") from exc
INTERNALERROR> coverage.exceptions.DataError: Couldn't use data file '\\\\wsl.localhost\\Ubuntu20.04LTS\\root\\Projekte\\ai-orchestra-gateway\\.coverage.IHE10.3212.XgZSswCx': database is locked

======================= 1 failed, 3 warnings in 22.55s ========================
